python : INFO:backend.scraper:YTSScraper 
initialized with base URL: https://yts.bz
At line:1 char:1
+ python test_2026_scrape.py > test_output.txt 
2>&1
+ ~~~~~~~~~~~~~~~~~~~~~~~~~~~~~~~~~~~~~~~~~~~~~~
~~~
    + CategoryInfo          : NotSpecified: (IN 
   FO:backend.sc... https://yts.bz:String) [],  
   RemoteException
    + FullyQualifiedErrorId : NativeCommandErro 
   r
 
INFO:backend.scraper:Scraping filtered browse 
page 1/1: https://yts.bz/browse-movies/0/720p/al
l/0/latest/2026/en?page=1
INFO:backend.scraper:Fetching: https://yts.bz/br
owse-movies/0/720p/all/0/latest/2026/en?page=1 
(attempt 1/3)
INFO:backend.scraper:Found 20 movie cards on 
page 1 (genre=all, quality=720p, year=2026)
INFO:backend.scraper:Scraped total of 20 movies 
across 1 pages

Results for 2026 / 720p / latest:
Total movies found: 20
[1] [ZH] Resurrection (2025) - https://yts.bz/movies/resurrection-2025
[2] Gangsta Granny Strikes Again! (2022) - https://yts.bz/movies/gangsta-granny-strikes-again-2022
[3] [ZH] The Fire Raven (2025) - https://yts.bz/movies/the-fire-raven-2025
[4] Zodiac Killer Project (2025) - https://yts.bz/movies/zodiac-killer-project-2025
[5] Killroy Was Here (2022) - https://yts.bz/movies/killroy-was-here-2022
[6] Trailer Trauma V: 70s Action Attack! (2020) - https://yts.bz/movies/trailer-trauma-v-70s-action-attack-2020
[7] Romance at Hope Ranch (2026) - https://yts.bz/movies/romance-at-hope-ranch-2026
[8] The Family Man (2000) - https://yts.bz/movies/the-family-man-2000
[9] Trailer Trauma 2: Drive-in Monsterama (2016) - https://yts.bz/movies/trailer-trauma-2-drive-in-monsterama-2016
[10] [HU] Orphan (2025) - https://yts.bz/movies/orphan-2025
